<html>
<body>
<pre>
<h1>µVision Build Log</h1>
<h2>Tool Versions:</h2>
IDE-Version: µVision V5.29.0.0
Copyright (C) 2019 ARM Ltd and ARM Germany GmbH. All rights reserved.
License Information: Toto Lala, INSA Toulouse, LIC=----
 
Tool Versions:
Toolchain:       MDK-Lite  Version: 5.29.0.0
Toolchain Path:  F:\Keil\ARM\ARMCC\Bin
C Compiler:      Armcc.exe V5.06 update 6 (build 750)
Assembler:       Armasm.exe V5.06 update 6 (build 750)
Linker/Locator:  ArmLink.exe V5.06 update 6 (build 750)
Library Manager: ArmAr.exe V5.06 update 6 (build 750)
Hex Converter:   FromElf.exe V5.06 update 6 (build 750)
CPU DLL:         SARMCM3.DLL V5.29.0.0
Dialog DLL:      DARMSTM.DLL V1.68.0.0
Target DLL:      STLink\ST-LINKIII-KEIL_SWO.dll V3.0.7.0
Dialog DLL:      TARMSTM.DLL V1.66.0.0
 
<h2>Project:</h2>
C:\Users\elies\Desktop\Cours\4A\Info Mat\Projet_Voilier_4IR\MDK-ARM\Project.uvprojx
Project File Date:  11/02/2020

<h2>Output:</h2>
*** Using Compiler 'V5.06 update 6 (build 750)', folder: 'F:\Keil\ARM\ARMCC\Bin'
Rebuild target 'Simulateur'
compiling Voilier.c...
compiling Allure.c...
compiling Gouvernail.c...
compiling Batterie.c...
compiling Heure.c...
compiling Transmission.c...
compiling Voile.c...
compiling MyTimer.c...
compiling stm32f1xx_ll_rcc.c...
compiling AntiChavirement.c...
..\Src\AntiChavirement.h(28): warning:  #1295-D: Deprecated declaration RecupRouli - give arg types
  int RecupRouli();
..\Src\AntiChavirement.h(36): warning:  #1295-D: Deprecated declaration ConfAntiChavirement - give arg types
  void ConfAntiChavirement();
..\Src\AntiChavirement.c(4): warning:  #940-D: missing return statement at end of non-void function "CalculerDanger" 
  }
..\Src\AntiChavirement.c(7): warning:  #940-D: missing return statement at end of non-void function "RecupRouli" 
  }
..\Src\AntiChavirement.c: 4 warnings, 0 errors
assembling startup_stm32f103xb.s...
compiling stm32f1xx_ll_utils.c...
compiling system_stm32f1xx.c...
linking...
Program Size: Code=924 RO-data=268 RW-data=28 ZI-data=1028  
"NUCLEO-F103RB\NUCLEO-F103RB.axf" - 0 Error(s), 4 Warning(s).

<h2>Software Packages used:</h2>

Package Vendor: ARM
                http://www.keil.com/pack/ARM.CMSIS.5.6.0.pack
                ARM.CMSIS.5.6.0
                CMSIS (Cortex Microcontroller Software Interface Standard)
   * Component: CORE Version: 5.3.0

Package Vendor: Keil
                http://www.keil.com/pack/Keil.STM32F1xx_DFP.2.3.0.pack
                Keil.STM32F1xx_DFP.2.3.0
                STMicroelectronics STM32F1 Series Device Support, Drivers and Examples

<h2>Collection of Component include folders:</h2>
  .\RTE\_Simulateur
  C:\Users\elies\AppData\Local\Arm\Packs\ARM\CMSIS\5.6.0\CMSIS\Core\Include
  C:\Users\elies\AppData\Local\Arm\Packs\Keil\STM32F1xx_DFP\2.3.0\Device\Include

<h2>Collection of Component Files used:</h2>

   * Component: ARM::CMSIS:CORE:5.3.0
Build Time Elapsed:  00:00:06
</pre>
</body>
</html>
